// Jest Snapshot v1, https://goo.gl/fbAQLP

exports[`App has a valid snapshot 1`] = `
<div
  className="page"
>
  <div
    className="interactions"
  >
    <form
      onSubmit={[Function]}
    >
      <input
        onChange={[Function]}
        type="text"
        value="react"
      />
      <button
        type="submit"
      >
        <p>
          Search
        </p>
      </button>
    </form>
  </div>
  <div
    className="table"
  >
    <div
      className="table-header"
    >
      <span
        style={
          Object {
            "width": "40%",
          }
        }
      >
        <button
          className="button-inline"
          onClick={[Function]}
          type="button"
        >
          Title
          <i
            className="fa"
          />
        </button>
      </span>
      <span
        style={
          Object {
            "width": "30%",
          }
        }
      >
        <button
          className="button-inline"
          onClick={[Function]}
          type="button"
        >
          Author
          <i
            className="fa"
          />
        </button>
      </span>
      <span
        style={
          Object {
            "width": "10%",
          }
        }
      >
        <button
          className="button-inline"
          onClick={[Function]}
          type="button"
        >
          Comments
          <i
            className="fa"
          />
        </button>
      </span>
      <span
        style={
          Object {
            "width": "10%",
          }
        }
      >
        <button
          className="button-inline"
          onClick={[Function]}
          type="button"
        >
          Points
          <i
            className="fa"
          />
        </button>
      </span>
      <span
        style={
          Object {
            "width": "10%",
          }
        }
      >
        Archive
      </span>
    </div>
  </div>
  <div
    className="interactions"
  >
    <i
      className="fa"
    />
  </div>
</div>
`;
